 
:: initializing oneAPI environment ...
   slurm_script: BASH_VERSION = 4.4.20(1)-release
   args: Using "$@" for setvars.sh arguments: intel64 --force
:: advisor -- latest
:: ccl -- latest
:: clck -- latest
:: compiler -- latest
:: dal -- latest
:: debugger -- latest
:: dev-utilities -- latest
:: dnnl -- latest
:: dpcpp-ct -- latest
:: dpl -- latest
:: inspector -- latest
:: intelpython -- latest
:: ipp -- latest
:: ippcp -- latest
:: ipp -- latest
:: itac -- latest
:: mkl -- latest
:: mpi -- latest
:: tbb -- latest
:: vpl -- latest
:: vtune -- latest
:: oneAPI environment initialized ::
 
                                                                                     
                              ABACUS v3.8.0

               Atomic-orbital Based Ab-initio Computation at UStc                    

                     Website: http://abacus.ustc.edu.cn/                             
               Documentation: https://abacus.deepmodeling.com/                       
                  Repository: https://github.com/abacusmodeling/abacus-develop       
                              https://github.com/deepmodeling/abacus-develop         
                      Commit: unknown

 Fri Sep 12 12:03:26 2025
 MAKE THE DIR         : OUT.cell-relax/
 RUNNING WITH DEVICE  : CPU / Intel(R) Xeon(R) Platinum 8462Y+

%%%%%%%%%%%%%%%%%%%%%%%%%%%%%%%%%%%%%%%%%%%%%%%%%%%%%%%%%%%%%%%%%%%%%%%%%%%%%%%%%%%%%%%%%%%%%%%%%%%%%%%%%
 Warning: the number of valence electrons in pseudopotential > 6 for Mo: [Kr] 4d5 5s1
 Pseudopotentials with additional electrons can yield (more) accurate outcomes, but may be less efficient.
 If you're confident that your chosen pseudopotential is appropriate, you can safely ignore this warning.
%%%%%%%%%%%%%%%%%%%%%%%%%%%%%%%%%%%%%%%%%%%%%%%%%%%%%%%%%%%%%%%%%%%%%%%%%%%%%%%%%%%%%%%%%%%%%%%%%%%%%%%%%

 UNIFORM GRID DIM        : 40 * 40 * 40
 UNIFORM GRID DIM(BIG)   : 10 * 10 * 10
 DONE(0.0503933  SEC) : SETUP UNITCELL
 DONE(0.0899723  SEC) : SYMMETRY
 DONE(0.194481   SEC) : INIT K-POINTS
 ---------------------------------------------------------
 Cell relaxation calculations
 ---------------------------------------------------------
 SPIN    KPOINTS         PROCESSORS  NBASE       
 1       220             1           54          
 ---------------------------------------------------------
 Use Systematically Improvable Atomic bases
 ---------------------------------------------------------
 ELEMENT ORBITALS        NBASE       NATOM       XC          
 Mo      4s2p2d1f-10au   27          2           
 ---------------------------------------------------------
 Initial plane wave basis and FFT box
 ---------------------------------------------------------
 DONE(0.222054   SEC) : INIT PLANEWAVE
 -------------------------------------------
 STEP OF RELAXATION : 1
 -------------------------------------------
 START CHARGE      : atomic
 DONE(0.710916   SEC) : INIT SCF
 * * * * * *
 << Start SCF iteration.
 ITER       ETOT/eV          EDIFF/eV         DRHO     TIME/s
 GE1     -3.73168514e+03   0.00000000e+00   5.9301e-02   1.72
 GE2     -3.73203068e+03  -3.45541274e-01   1.3870e-02   0.83
 GE3     -3.73205096e+03  -2.02764470e-02   2.3668e-03   0.82
 GE4     -3.73205111e+03  -1.44690399e-04   4.6181e-05   0.93
 GE5     -3.73205111e+03  -6.29705447e-08   7.2749e-06   0.96
 GE6     -3.73205111e+03  -2.29775473e-09   1.6064e-07   0.95
 GE7     -3.73205111e+03  -3.45939311e-09   1.0871e-08   0.96
 >> Leave SCF iteration.
 * * * * * *
----------------------------------------------------------------
 TOTAL-STRESS (KBAR)                                            
----------------------------------------------------------------
         1.7751881093        -0.0000000000        -0.0000000000 
        -0.0000000000         1.7751881093         0.0000000000 
        -0.0000000000         0.0000000000         1.7751881093 
----------------------------------------------------------------
 TOTAL-PRESSURE: 1.775188 KBAR

 ETOT DIFF (eV)       : 0.000000
 LARGEST GRAD (eV/A)  : 0.000000
 DONE(10.731074  SEC) : SETUP UNITCELL
 -------------------------------------------
 STEP OF RELAXATION : 2
 -------------------------------------------
 DONE(10.735812  SEC) : LOCAL POTENTIAL
 DONE(10.773105  SEC) : SYMMETRY
 DONE(10.773971  SEC) : INIT K-POINTS
 DONE(10.880393  SEC) : INIT SCF
 * * * * * *
 << Start SCF iteration.
 ITER       ETOT/eV          EDIFF/eV         DRHO     TIME/s
 GE1     -3.73205101e+03   0.00000000e+00   8.0311e-05   1.61
 GE2     -3.73205101e+03  -5.12482832e-07   2.3829e-05   0.91
 GE3     -3.73205101e+03  -3.79937728e-08   4.8621e-06   0.94
 GE4     -3.73205101e+03  -4.81205990e-09   2.0848e-07   0.91
 GE5     -3.73205101e+03   2.31708959e-09   3.7854e-08   0.93
 >> Leave SCF iteration.
 * * * * * *
----------------------------------------------------------------
 TOTAL-STRESS (KBAR)                                            
----------------------------------------------------------------
        -4.9147388628         0.0000000000         0.0000000000 
         0.0000000000        -4.9147388628         0.0000000000 
         0.0000000000         0.0000000000        -4.9147388628 
----------------------------------------------------------------
 TOTAL-PRESSURE: -4.914739 KBAR

 ETOT DIFF (eV)       : 0.000094
 LARGEST GRAD (eV/A)  : 0.000000
 DONE(18.983583  SEC) : SETUP UNITCELL
 -------------------------------------------
 STEP OF RELAXATION : 3
 -------------------------------------------
 DONE(18.989136  SEC) : LOCAL POTENTIAL
 DONE(19.026368  SEC) : SYMMETRY
 DONE(19.027234  SEC) : INIT K-POINTS
 DONE(19.125311  SEC) : INIT SCF
 * * * * * *
 << Start SCF iteration.
 ITER       ETOT/eV          EDIFF/eV         DRHO     TIME/s
 GE1     -3.73205111e+03   0.00000000e+00   1.4240e-04   1.60
 GE2     -3.73205111e+03  -1.59335254e-06   4.2270e-05   0.91
 GE3     -3.73205111e+03   2.66635450e-08   1.6843e-05   0.94
 GE4     -3.73205111e+03   1.92036921e-07   5.8222e-05   0.91
 GE5     -3.73205111e+03  -3.59863503e-07   3.2564e-07   0.92
 GE6     -3.73205111e+03   9.67516382e-10   8.0256e-09   0.92
 >> Leave SCF iteration.
 * * * * * *
----------------------------------------------------------------
 TOTAL-STRESS (KBAR)                                            
----------------------------------------------------------------
         0.2586287972         0.0000000000         0.0000000000 
         0.0000000000         0.2586287972         0.0000000000 
         0.0000000000         0.0000000000         0.2586287972 
----------------------------------------------------------------
 TOTAL-PRESSURE: 0.258629 KBAR

 ETOT DIFF (eV)       : -0.000101
 LARGEST GRAD (eV/A)  : 0.000000
 DONE(28.160520  SEC) : SETUP UNITCELL
 -------------------------------------------
 STEP OF RELAXATION : 4
 -------------------------------------------
 DONE(28.164660  SEC) : LOCAL POTENTIAL
 DONE(28.201814  SEC) : SYMMETRY
 DONE(28.202670  SEC) : INIT K-POINTS
 DONE(28.288154  SEC) : INIT SCF
 * * * * * *
 << Start SCF iteration.
 ITER       ETOT/eV          EDIFF/eV         DRHO     TIME/s
 GE1     -3.73205111e+03   0.00000000e+00   6.3559e-05   1.58
 GE2     -3.73205111e+03  -3.18958674e-07   1.8865e-05   0.92
 GE3     -3.73205111e+03   1.14114342e-08   8.1956e-06   0.92
 GE4     -3.73205111e+03   4.53340590e-08   2.8098e-05   0.91
 GE5     -3.73205111e+03  -8.27941897e-08   1.4487e-07   0.92
 GE6     -3.73205111e+03  -1.69064014e-09   3.5891e-09   0.92
 >> Leave SCF iteration.
 * * * * * *
----------------------------------------------------------------
 TOTAL-STRESS (KBAR)                                            
----------------------------------------------------------------
         0.1382060487        -0.0000000000        -0.0000000000 
        -0.0000000000         0.1382060487         0.0000000000 
        -0.0000000000         0.0000000000         0.1382060487 
----------------------------------------------------------------
 TOTAL-PRESSURE: 0.138206 KBAR

 ETOT DIFF (eV)       : 0.000000
 LARGEST GRAD (eV/A)  : 0.000000
 DONE(37.264142  SEC) : SETUP UNITCELL
 -------------------------------------------
 STEP OF RELAXATION : 5
 -------------------------------------------
 DONE(37.268152  SEC) : LOCAL POTENTIAL
 DONE(37.305432  SEC) : SYMMETRY
 DONE(37.306263  SEC) : INIT K-POINTS
 DONE(37.391245  SEC) : INIT SCF
 * * * * * *
 << Start SCF iteration.
 ITER       ETOT/eV          EDIFF/eV         DRHO     TIME/s
 GE1     -3.73205111e+03   0.00000000e+00   2.1344e-07   1.59
 GE2     -3.73205111e+03  -2.92343080e-10   6.3413e-08   0.93
 >> Leave SCF iteration.
 * * * * * *
----------------------------------------------------------------
 TOTAL-STRESS (KBAR)                                            
----------------------------------------------------------------
        -0.0000745406         0.0000000000        -0.0000000000 
         0.0000000000        -0.0000745406        -0.0000000000 
        -0.0000000000        -0.0000000000        -0.0000745406 
----------------------------------------------------------------
 TOTAL-PRESSURE: -0.000075 KBAR

 ETOT DIFF (eV)       : 0.000000
 LARGEST GRAD (eV/A)  : 0.000000
TIME STATISTICS
----------------------------------------------------------------------------
    CLASS_NAME                NAME            TIME/s  CALLS   AVG/s  PER/%  
----------------------------------------------------------------------------
                   total                      42.77  51       0.84   100.00 
 Driver            reading                    0.01   1        0.01   0.03   
 Input_Conv        Convert                    0.00   1        0.00   0.00   
 Driver            driver_line                42.75  1        42.75  99.97  
 UnitCell          check_tau                  0.00   1        0.00   0.00   
 ESolver_KS_LCAO   before_all_runners         0.57   1        0.57   1.33   
 PW_Basis_Sup      setuptransform             0.01   1        0.01   0.02   
 PW_Basis_Sup      distributeg                0.00   1        0.00   0.00   
 mymath            heapsort                   0.01   747      0.00   0.03   
 Symmetry          analy_sys                  0.19   5        0.04   0.44   
 PW_Basis_K        setuptransform             0.02   1        0.02   0.04   
 PW_Basis_K        distributeg                0.00   1        0.00   0.00   
 PW_Basis          setup_struc_factor         0.00   5        0.00   0.01   
 NOrbital_Lm       extra_uniform              0.13   9        0.01   0.30   
 Mathzone_Add1     SplineD2                   0.00   9        0.00   0.00   
 Mathzone_Add1     Cubic_Spline_Interpolation 0.00   9        0.00   0.00   
 Mathzone_Add1     Uni_Deriv_Phi              0.12   9        0.01   0.29   
 ppcell_vl         init_vloc                  0.01   5        0.00   0.02   
 Ions              opt_ions                   42.16  1        42.16  98.59  
 ESolver_KS_LCAO   runner                     28.06  5        5.61   65.62  
 ESolver_KS_LCAO   before_scf                 0.65   5        0.13   1.53   
 ESolver_KS_LCAO   beforesolver               0.21   5        0.04   0.49   
 ESolver_KS_LCAO   set_matrix_grid            0.16   5        0.03   0.37   
 atom_arrange      search                     0.00   5        0.00   0.01   
 Grid_Technique    init                       0.11   5        0.02   0.25   
 Grid_BigCell      grid_expansion_index       0.01   10       0.00   0.02   
 Record_adj        for_2d                     0.04   5        0.01   0.08   
 Grid_Driver       Find_atom                  0.00   142      0.00   0.00   
 LCAO_domain       grid_prepare               0.00   5        0.00   0.00   
 Veff              initialize_HR              0.00   5        0.00   0.01   
 OverlapNew        initialize_SR              0.00   5        0.00   0.01   
 EkineticNew       initialize_HR              0.00   5        0.00   0.01   
 NonlocalNew       initialize_HR              0.01   5        0.00   0.02   
 Charge            set_rho_core               0.00   5        0.00   0.00   
 Charge            atomic_rho                 0.02   10       0.00   0.04   
 PW_Basis_Sup      recip2real                 0.06   237      0.00   0.14   
 PW_Basis_Sup      gathers_scatterp           0.01   237      0.00   0.01   
 Potential         init_pot                   0.04   5        0.01   0.08   
 Potential         update_from_charge         0.16   31       0.01   0.37   
 Potential         cal_fixed_v                0.00   5        0.00   0.01   
 PotLocal          cal_fixed_v                0.00   5        0.00   0.01   
 Potential         cal_v_eff                  0.15   31       0.00   0.35   
 H_Hartree_pw      v_hartree                  0.02   31       0.00   0.06   
 PW_Basis_Sup      real2recip                 0.08   273      0.00   0.18   
 PW_Basis_Sup      gatherp_scatters           0.01   273      0.00   0.02   
 PotXC             cal_v_eff                  0.12   31       0.00   0.29   
 XC_Functional     v_xc                       0.12   31       0.00   0.29   
 Potential         interpolate_vrs            0.00   31       0.00   0.01   
 Symmetry          rhog_symmetry              0.02   31       0.00   0.04   
 Symmetry          group fft grids            0.01   31       0.00   0.03   
 H_Ewald_pw        compute_ewald              0.00   5        0.00   0.01   
 Charge_Mixing     init_mixing                0.00   5        0.00   0.00   
 HSolverLCAO       solve                      27.13  26       1.04   63.43  
 HamiltLCAO        updateHk                   17.02  5720     0.00   39.81  
 OperatorLCAO      init                       12.06  17160    0.00   28.21  
 Veff              contributeHR               4.46   26       0.17   10.43  
 Gint_interface    cal_gint                   8.42   57       0.15   19.68  
 Gint_interface    cal_gint_vlocal            4.33   26       0.17   10.12  
 Gint_Tools        cal_psir_ylm               0.37   2600     0.00   0.87   
 Gint_k            transfer_pvpR              0.05   26       0.00   0.11   
 OverlapNew        calculate_SR               0.84   5        0.17   1.96   
 OverlapNew        contributeHk               4.11   5720     0.00   9.60   
 EkineticNew       contributeHR               1.63   26       0.06   3.81   
 EkineticNew       calculate_HR               1.63   5        0.33   3.80   
 NonlocalNew       contributeHR               0.84   26       0.03   1.97   
 NonlocalNew       calculate_HR               0.82   5        0.16   1.92   
 OperatorLCAO      contributeHk               5.10   5720     0.00   11.94  
 HSolverLCAO       hamiltSolvePsiK            5.88   5720     0.00   13.75  
 DiagoElpa         elpa_solve                 4.86   5720     0.00   11.37  
 ElecStateLCAO     psiToRho                   4.22   26       0.16   9.86   
 elecstate         cal_dm                     0.21   31       0.01   0.49   
 psiMulPsiMpi      pdgemm                     0.15   6820     0.00   0.35   
 DensityMatrix     cal_DMR                    1.65   35       0.05   3.85   
 Gint              transfer_DMR               0.07   26       0.00   0.17   
 Gint_interface    cal_gint_rho               2.70   26       0.10   6.31   
 Charge_Mixing     get_drho                   0.00   26       0.00   0.00   
 Charge            mix_rho                    0.03   21       0.00   0.07   
 Charge            Broyden_mixing             0.01   21       0.00   0.01   
 ESolver_KS_LCAO   after_scf                  0.05   5        0.01   0.13   
 ModuleIO          write_rhog                 0.02   5        0.00   0.04   
 ESolver_KS_LCAO   cal_force                  14.09  5        2.82   32.96  
 Force_Stress_LCAO getForceStress             14.09  5        2.82   32.96  
 Forces            cal_force_loc              0.00   5        0.00   0.01   
 Forces            cal_force_ew               0.00   5        0.00   0.01   
 Forces            cal_force_cc               0.00   5        0.00   0.00   
 Forces            cal_force_scc              0.00   5        0.00   0.01   
 Stress_Func       stress_loc                 0.00   5        0.00   0.01   
 Stress_Func       stress_har                 0.00   5        0.00   0.00   
 Stress_Func       stress_ewa                 0.00   5        0.00   0.00   
 Stress_Func       stress_cc                  0.00   5        0.00   0.00   
 Stress_Func       stress_gga                 0.01   5        0.00   0.02   
 Force_LCAO        ftable                     14.06  5        2.81   32.87  
 Force_LCAO        allocate                   6.54   5        1.31   15.30  
 LCAO_domain       build_ST_new               3.52   10       0.35   8.23   
 LCAO_domain       vnl_mu_new                 3.01   5        0.60   7.03   
 Force_LCAO        cal_fedm                   0.33   5        0.07   0.77   
 Force_LCAO        cal_ftvnl_dphi             0.03   5        0.01   0.07   
 Force_LCAO        cal_fvl_dphi               1.31   5        0.26   3.06   
 Gint_interface    cal_gint_force             1.31   5        0.26   3.05   
 Gint_Tools        cal_dpsir_ylm              0.16   250      0.00   0.38   
 Gint_Tools        cal_dpsirr_ylm             0.11   250      0.00   0.25   
 Force_LCAO        cal_fvnl_dbeta             5.84   5        1.17   13.66  
 ESolver_KS_LCAO   cal_stress                 0.00   5        0.00   0.00   
 ESolver_KS_LCAO   init_after_vc              0.17   4        0.04   0.39   
 Charge_Extra      extrapolate_charge         0.01   4        0.00   0.02   
 ESolver_KS_LCAO   after_all_runners          0.00   1        0.00   0.00   
----------------------------------------------------------------------------


 START  Time  : Fri Sep 12 12:03:26 2025
 FINISH Time  : Fri Sep 12 12:04:08 2025
 TOTAL  Time  : 42
 SEE INFORMATION IN : OUT.cell-relax/
